../Core/Src/main.c:72:6:HAL_UART_RxCpltCallback	16	static
../Core/Src/main.c:84:6:Led_Toggle	8	static
../Core/Src/main.c:88:6:Uart	8	static
../Core/Src/main.c:102:5:main	40	static
../Core/Src/main.c:152:6:SystemClock_Config	88	static
../Core/Src/main.c:196:13:MX_ADC1_Init	24	static
../Core/Src/main.c:243:13:MX_TIM2_Init	32	static
../Core/Src/main.c:288:13:MX_USART2_UART_Init	8	static
../Core/Src/main.c:321:13:MX_GPIO_Init	32	static
../Core/Src/main.c:351:6:HAL_TIM_PeriodElapsedCallback	16	static
../Core/Src/main.c:361:6:Error_Handler	4	static,ignoring_inline_asm
